// Jest Snapshot v1, https://goo.gl/fbAQLP

exports[`Order Ticket Snapshot test 1`] = `[Function]`;
